[    0.000000] microcode: microcode updated early to revision 0x1f, date = 2018-02-07
[    0.000000] random: get_random_bytes called from start_kernel+0x42/0x4e9 with crng_init=0
[    0.000000] Linux version 4.13.0-39-generic (buildd@lgw01-amd64-038) (gcc version 7.2.0 (Ubuntu 7.2.0-8ubuntu3.2)) #44-Ubuntu SMP Thu Apr 5 14:25:01 UTC 2018 (Ubuntu 4.13.0-39.44-generic 4.13.16)
[    0.000000] Command line: BOOT_IMAGE=/boot/vmlinuz-4.13.0-39-generic root=UUID=c9bbada3-70d2-4538-b8cc-c22fe9f6d45b ro quiet splash vt.handoff=7
[    0.000000] KERNEL supported cpus:
[    0.000000]   Intel GenuineIntel
[    0.000000]   AMD AuthenticAMD
[    0.000000]   Centaur CentaurHauls
[    0.000000] x86/fpu: Supporting XSAVE feature 0x001: 'x87 floating point registers'
[    0.000000] x86/fpu: Supporting XSAVE feature 0x002: 'SSE registers'
[    0.000000] x86/fpu: Supporting XSAVE feature 0x004: 'AVX registers'
[    0.000000] x86/fpu: xstate_offset[2]:  576, xstate_sizes[2]:  256
[    0.000000] x86/fpu: Enabled xstate features 0x7, context size is 832 bytes, using 'standard' format.
[    0.000000] e820: BIOS-provided physical RAM map:
[    0.000000] BIOS-e820: [mem 0x0000000000000000-0x000000000008ffff] usable
[    0.000000] BIOS-e820: [mem 0x0000000000090000-0x00000000000bffff] reserved
[    0.000000] BIOS-e820: [mem 0x0000000000100000-0x000000001fffffff] usable
[    0.000000] BIOS-e820: [mem 0x0000000020000000-0x00000000201fffff] reserved
[    0.000000] BIOS-e820: [mem 0x0000000020200000-0x0000000040003fff] usable
[    0.000000] BIOS-e820: [mem 0x0000000040004000-0x0000000040004fff] reserved
[    0.000000] BIOS-e820: [mem 0x0000000040005000-0x00000000a908cfff] usable
[    0.000000] BIOS-e820: [mem 0x00000000a908d000-0x00000000a928efff] reserved
[    0.000000] BIOS-e820: [mem 0x00000000a928f000-0x00000000b927ffff] usable
[    0.000000] BIOS-e820: [mem 0x00000000b9280000-0x00000000b947ffff] type 20
[    0.000000] BIOS-e820: [mem 0x00000000b9480000-0x00000000baeeefff] reserved
[    0.000000] BIOS-e820: [mem 0x00000000baeef000-0x00000000baf9efff] ACPI NVS
[    0.000000] BIOS-e820: [mem 0x00000000baf9f000-0x00000000baffefff] ACPI data
[    0.000000] BIOS-e820: [mem 0x00000000bafff000-0x00000000baffffff] usable
[    0.000000] BIOS-e820: [mem 0x00000000bb000000-0x00000000bf9fffff] reserved
[    0.000000] BIOS-e820: [mem 0x00000000f80f8000-0x00000000f80f8fff] reserved
[    0.000000] BIOS-e820: [mem 0x00000000fed1c000-0x00000000fed1ffff] reserved
[    0.000000] BIOS-e820: [mem 0x0000000100000000-0x000000023f5fffff] usable
[    0.000000] NX (Execute Disable) protection: active
[    0.000000] efi: EFI v2.31 by Phoenix Technologies Ltd.
[    0.000000] efi:  ACPI=0xbaffe000  ACPI 2.0=0xbaffe014  SMBIOS=0xbae8b000 
[    0.000000] random: fast init done
[    0.000000] SMBIOS 2.7 present.
[    0.000000] DMI: SAMSUNG ELECTRONICS CO., LTD. 270E5G/270E5U/NP270E5G-XD1BR, BIOS P02RCJ 10/29/2013
[    0.000000] tsc: Fast TSC calibration using PIT
[    0.000000] e820: update [mem 0x00000000-0x00000fff] usable ==> reserved
[    0.000000] e820: remove [mem 0x000a0000-0x000fffff] usable
[    0.000000] e820: last_pfn = 0x23f600 max_arch_pfn = 0x400000000
[    0.000000] MTRR default type: uncachable
[    0.000000] MTRR fixed ranges enabled:
[    0.000000]   00000-9FFFF write-back
[    0.000000]   A0000-BFFFF uncachable
[    0.000000]   C0000-FFFFF write-back
[    0.000000] MTRR variable ranges enabled:
[    0.000000]   0 base 0FFC00000 mask FFFC00000 write-protect
[    0.000000]   1 base 000000000 mask F80000000 write-back
[    0.000000]   2 base 080000000 mask FC0000000 write-back
[    0.000000]   3 base 0BC000000 mask FFC000000 uncachable
[    0.000000]   4 base 0BB000000 mask FFF000000 uncachable
[    0.000000]   5 base 100000000 mask F00000000 write-back
[    0.000000]   6 base 200000000 mask FC0000000 write-back
[    0.000000]   7 base 23F800000 mask FFF800000 uncachable
[    0.000000]   8 base 23F600000 mask FFFE00000 uncachable
[    0.000000]   9 disabled
[    0.000000] x86/PAT: Configuration [0-7]: WB  WC  UC- UC  WB  WC  UC- WT  
[    0.000000] e820: last_pfn = 0xbb000 max_arch_pfn = 0x400000000
[    0.000000] Scanning 1 areas for low memory corruption
[    0.000000] Base memory trampoline at [ffff9e2340088000] 88000 size 24576
[    0.000000] BRK [0x1adf2e000, 0x1adf2efff] PGTABLE
[    0.000000] BRK [0x1adf2f000, 0x1adf2ffff] PGTABLE
[    0.000000] BRK [0x1adf30000, 0x1adf30fff] PGTABLE
[    0.000000] BRK [0x1adf31000, 0x1adf31fff] PGTABLE
[    0.000000] BRK [0x1adf32000, 0x1adf32fff] PGTABLE
[    0.000000] BRK [0x1adf33000, 0x1adf33fff] PGTABLE
[    0.000000] BRK [0x1adf34000, 0x1adf34fff] PGTABLE
[    0.000000] BRK [0x1adf35000, 0x1adf35fff] PGTABLE
[    0.000000] BRK [0x1adf36000, 0x1adf36fff] PGTABLE
[    0.000000] BRK [0x1adf37000, 0x1adf37fff] PGTABLE
[    0.000000] BRK [0x1adf38000, 0x1adf38fff] PGTABLE
[    0.000000] BRK [0x1adf39000, 0x1adf39fff] PGTABLE
[    0.000000] Secure boot could not be determined
[    0.000000] RAMDISK: [mem 0x3206d000-0x3502dfff]
[    0.000000] ACPI: Early table checksum verification disabled
[    0.000000] ACPI: RSDP 0x00000000BAFFE014 000024 (v02 SECCSD)
[    0.000000] ACPI: XSDT 0x00000000BAFFE170 0000AC (v01 SECCSD LH43STAR 00000002 PTL  00000002)
[    0.000000] ACPI: FACP 0x00000000BAFEE000 00010C (v05 SECCSD LH43STAR 00000002 PTL  00000002)
[    0.000000] ACPI: DSDT 0x00000000BAFF1000 00965D (v02 SECCSD IVB-CPT  00000000 INTL 20061109)
[    0.000000] ACPI: FACS 0x00000000BAF7C000 000040
[    0.000000] ACPI: SLIC 0x00000000BAFFD000 000176 (v01 SECCSD LH43STAR 00000002 PTL  00000001)
[    0.000000] ACPI: SSDT 0x00000000BAFFB000 001068 (v01 SECCSD PtidDevc 00001000 INTL 20061109)
[    0.000000] ACPI: ASF! 0x00000000BAFF0000 0000A5 (v32 SECCSD LH43STAR 00000002 PTL  00000002)
[    0.000000] ACPI: HPET 0x00000000BAFED000 000038 (v01 SECCSD LH43STAR 00000002 PTL  00000002)
[    0.000000] ACPI: APIC 0x00000000BAFEC000 000098 (v03 SECCSD LH43STAR 00000002 PTL  00000002)
[    0.000000] ACPI: MCFG 0x00000000BAFEB000 00003C (v01 SECCSD LH43STAR 00000002 PTL  00000002)
[    0.000000] ACPI: FPDT 0x00000000BAFEA000 000064 (v01 SECCSD LH43STAR 00000002 PTL  00000002)
[    0.000000] ACPI: SSDT 0x00000000BAFE9000 0009E7 (v01 PmRef  Cpu0Ist  00003000 INTL 20061109)
[    0.000000] ACPI: SSDT 0x00000000BAFE8000 000AD0 (v01 PmRef  CpuPm    00003000 INTL 20061109)
[    0.000000] ACPI: UEFI 0x00000000BAFE7000 000042 (v01 PTL    COMBUF   00000001 PTL  00000001)
[    0.000000] ACPI: MSDM 0x00000000BAF79000 000055 (v03 SECCSD LH43STAR 00000002 PTL  00000002)
[    0.000000] ACPI: UEFI 0x00000000BAFE6000 00003E (v01 SECCSD LH43STAR 00000002 PTL  00000002)
[    0.000000] ACPI: SSDT 0x00000000BAFE5000 000D7C (v01 NvORef NvOptTbl 00001000 INTL 20061109)
[    0.000000] ACPI: SSDT 0x00000000BAFE4000 000773 (v01 SgRef  SgTabl   00001000 INTL 20061109)
[    0.000000] ACPI: UEFI 0x00000000BAFE3000 00027E (v01 SECCSD LH43STAR 00000002 PTL  00000002)
[    0.000000] ACPI: BGRT 0x00000000BAFE2000 000038 (v00 SECCSD LH43STAR 00000002 PTL  00000002)
[    0.000000] ACPI: Local APIC address 0xfee00000
[    0.000000] No NUMA configuration found
[    0.000000] Faking a node at [mem 0x0000000000000000-0x000000023f5fffff]
[    0.000000] NODE_DATA(0) allocated [mem 0x23f5d1000-0x23f5fbfff]
[    0.000000] Zone ranges:
[    0.000000]   DMA      [mem 0x0000000000001000-0x0000000000ffffff]
[    0.000000]   DMA32    [mem 0x0000000001000000-0x00000000ffffffff]
[    0.000000]   Normal   [mem 0x0000000100000000-0x000000023f5fffff]
[    0.000000]   Device   empty
[    0.000000] Movable zone start for each node
[    0.000000] Early memory node ranges
[    0.000000]   node   0: [mem 0x0000000000001000-0x000000000008ffff]
[    0.000000]   node   0: [mem 0x0000000000100000-0x000000001fffffff]
[    0.000000]   node   0: [mem 0x0000000020200000-0x0000000040003fff]
[    0.000000]   node   0: [mem 0x0000000040005000-0x00000000a908cfff]
[    0.000000]   node   0: [mem 0x00000000a928f000-0x00000000b927ffff]
[    0.000000]   node   0: [mem 0x00000000bafff000-0x00000000baffffff]
[    0.000000]   node   0: [mem 0x0000000100000000-0x000000023f5fffff]
[    0.000000] Initmem setup node 0 [mem 0x0000000000001000-0x000000023f5fffff]
[    0.000000] On node 0 totalpages: 2065421
[    0.000000]   DMA zone: 64 pages used for memmap
[    0.000000]   DMA zone: 73 pages reserved
[    0.000000]   DMA zone: 3983 pages, LIFO batch:0
[    0.000000]   DMA32 zone: 11770 pages used for memmap
[    0.000000]   DMA32 zone: 753278 pages, LIFO batch:31
[    0.000000]   Normal zone: 20440 pages used for memmap
[    0.000000]   Normal zone: 1308160 pages, LIFO batch:31
[    0.000000] Reserving Intel graphics memory at 0x00000000bba00000-0x00000000bf9fffff
[    0.000000] ACPI: PM-Timer IO Port: 0x408
[    0.000000] ACPI: Local APIC address 0xfee00000
[    0.000000] ACPI: LAPIC_NMI (acpi_id[0x00] high edge lint[0x1])
[    0.000000] ACPI: LAPIC_NMI (acpi_id[0x01] high edge lint[0x1])
[    0.000000] IOAPIC[0]: apic_id 2, version 32, address 0xfec00000, GSI 0-23
[    0.000000] ACPI: INT_SRC_OVR (bus 0 bus_irq 0 global_irq 2 dfl dfl)
[    0.000000] ACPI: INT_SRC_OVR (bus 0 bus_irq 9 global_irq 9 high level)
[    0.000000] ACPI: IRQ0 used by override.
[    0.000000] ACPI: IRQ9 used by override.
[    0.000000] Using ACPI (MADT) for SMP configuration information
[    0.000000] ACPI: HPET id: 0x8086a301 base: 0xfed00000
[    0.000000] smpboot: Allowing 8 CPUs, 4 hotplug CPUs
[    0.000000] PM: Registered nosave memory: [mem 0x00000000-0x00000fff]
[    0.000000] PM: Registered nosave memory: [mem 0x00090000-0x000bffff]
[    0.000000] PM: Registered nosave memory: [mem 0x000c0000-0x000fffff]
[    0.000000] PM: Registered nosave memory: [mem 0x20000000-0x201fffff]
[    0.000000] PM: Registered nosave memory: [mem 0x40004000-0x40004fff]
[    0.000000] PM: Registered nosave memory: [mem 0xa908d000-0xa928efff]
[    0.000000] PM: Registered nosave memory: [mem 0xb9280000-0xb947ffff]
[    0.000000] PM: Registered nosave memory: [mem 0xb9480000-0xbaeeefff]
[    0.000000] PM: Registered nosave memory: [mem 0xbaeef000-0xbaf9efff]
[    0.000000] PM: Registered nosave memory: [mem 0xbaf9f000-0xbaffefff]
[    0.000000] PM: Registered nosave memory: [mem 0xbb000000-0xbf9fffff]
[    0.000000] PM: Registered nosave memory: [mem 0xbfa00000-0xf80f7fff]
[    0.000000] PM: Registered nosave memory: [mem 0xf80f8000-0xf80f8fff]
[    0.000000] PM: Registered nosave memory: [mem 0xf80f9000-0xfed1bfff]
[    0.000000] PM: Registered nosave memory: [mem 0xfed1c000-0xfed1ffff]
[    0.000000] PM: Registered nosave memory: [mem 0xfed20000-0xffffffff]
[    0.000000] e820: [mem 0xbfa00000-0xf80f7fff] available for PCI devices
[    0.000000] Booting paravirtualized kernel on bare hardware
[    0.000000] clocksource: refined-jiffies: mask: 0xffffffff max_cycles: 0xffffffff, max_idle_ns: 7645519600211568 ns
[    0.000000] setup_percpu: NR_CPUS:8192 nr_cpumask_bits:8 nr_cpu_ids:8 nr_node_ids:1
[    0.000000] percpu: Embedded 45 pages/cpu @ffff9e257f200000 s146584 r8192 d29544 u262144
[    0.000000] pcpu-alloc: s146584 r8192 d29544 u262144 alloc=1*2097152
[    0.000000] pcpu-alloc: [0] 0 1 2 3 4 5 6 7 
[    0.000000] Built 1 zonelists in Node order, mobility grouping on.  Total pages: 2033074
[    0.000000] Policy zone: Normal
[    0.000000] Kernel command line: BOOT_IMAGE=/boot/vmlinuz-4.13.0-39-generic root=UUID=c9bbada3-70d2-4538-b8cc-c22fe9f6d45b ro quiet splash vt.handoff=7
[    0.000000] PID hash table entries: 4096 (order: 3, 32768 bytes)
[    0.000000] Calgary: detecting Calgary via BIOS EBDA area
[    0.000000] Calgary: Unable to locate Rio Grande table in EBDA - bailing!
[    0.000000] Memory: 7798396K/8261684K available (12300K kernel code, 2482K rwdata, 4000K rodata, 2376K init, 2372K bss, 463288K reserved, 0K cma-reserved)
[    0.000000] SLUB: HWalign=64, Order=0-3, MinObjects=0, CPUs=8, Nodes=1
[    0.000000] Kernel/User page tables isolation: enabled
[    0.000000] ftrace: allocating 37850 entries in 148 pages
[    0.000000] Hierarchical RCU implementation.
[    0.000000] 	RCU restricting CPUs from NR_CPUS=8192 to nr_cpu_ids=8.
[    0.000000] 	Tasks RCU enabled.
[    0.000000] RCU: Adjusting geometry for rcu_fanout_leaf=16, nr_cpu_ids=8
[    0.000000] NR_IRQS: 524544, nr_irqs: 488, preallocated irqs: 16
[    0.000000] vt handoff: transparent VT on vt#7
[    0.000000] Console: colour dummy device 80x25
[    0.000000] console [tty0] enabled
[    0.000000] clocksource: hpet: mask: 0xffffffff max_cycles: 0xffffffff, max_idle_ns: 133484882848 ns
[    0.000000] hpet clockevent registered
[    0.000000] tsc: Fast TSC calibration using PIT
[    0.004000] tsc: Detected 2594.097 MHz processor
[    0.004000] Calibrating delay loop (skipped), value calculated using timer frequency.. 5188.19 BogoMIPS (lpj=10376388)
[    0.004000] pid_max: default: 32768 minimum: 301
[    0.004000] ACPI: Core revision 20170531
[    0.012046] ACPI: 6 ACPI AML tables successfully acquired and loaded
[    0.016165] Security Framework initialized
[    0.016166] Yama: becoming mindful.
[    0.016187] AppArmor: AppArmor initialized
[    0.021427] Dentry cache hash table entries: 1048576 (order: 11, 8388608 bytes)
[    0.022468] Inode-cache hash table entries: 524288 (order: 10, 4194304 bytes)
[    0.022513] Mount-cache hash table entries: 16384 (order: 5, 131072 bytes)
[    0.022546] Mountpoint-cache hash table entries: 16384 (order: 5, 131072 bytes)
[    0.022749] CPU: Physical Processor ID: 0
[    0.022750] CPU: Processor Core ID: 0
[    0.022755] ENERGY_PERF_BIAS: Set to 'normal', was 'performance'
[    0.022756] ENERGY_PERF_BIAS: View and update with x86_energy_perf_policy(8)
[    0.022757] FEATURE SPEC_CTRL Present
[    0.022760] mce: CPU supports 7 MCE banks
[    0.022767] CPU0: Thermal monitoring enabled (TM1)
[    0.022777] process: using mwait in idle threads
[    0.022780] Last level iTLB entries: 4KB 512, 2MB 8, 4MB 8
[    0.022780] Last level dTLB entries: 4KB 512, 2MB 32, 4MB 32, 1GB 0
[    0.022782] Spectre V2 mitigation: Mitigation: Full generic retpoline
[    0.022783] Spectre V2 mitigation: Speculation control IBPB supported IBRS supported
[    0.022784] Spectre V2 mitigation: Retpoline compiled kernel.  Defaulting IBRS to disabled
[    0.022897] Freeing SMP alternatives memory: 36K
[    0.030830] smpboot: Max logical packages: 4
[    0.030908] x2apic: IRQ remapping doesn't support X2APIC mode
[    0.031323] ..TIMER: vector=0x30 apic1=0 pin1=2 apic2=-1 pin2=-1
[    0.071021] TSC deadline timer enabled
[    0.071024] smpboot: CPU0: Intel(R) Core(TM) i5-3230M CPU @ 2.60GHz (family: 0x6, model: 0x3a, stepping: 0x9)
[    0.071094] Performance Events: PEBS fmt1+, IvyBridge events, 16-deep LBR, full-width counters, Intel PMU driver.
[    0.071115] ... version:                3
[    0.071116] ... bit width:              48
[    0.071116] ... generic registers:      4
[    0.071117] ... value mask:             0000ffffffffffff
[    0.071118] ... max period:             00007fffffffffff
[    0.071118] ... fixed-purpose events:   3
[    0.071119] ... event mask:             000000070000000f
[    0.071159] Hierarchical SRCU implementation.
[    0.072000] NMI watchdog: enabled on all CPUs, permanently consumes one hw-PMU counter.
[    0.072000] smp: Bringing up secondary CPUs ...
[    0.072000] x86: Booting SMP configuration:
[    0.072000] .... node  #0, CPUs:      #1 #2 #3
[    0.076050] smp: Brought up 1 node, 4 CPUs
[    0.076050] smpboot: Total of 4 processors activated (20752.77 BogoMIPS)
[    0.078855] devtmpfs: initialized
[    0.078855] x86/mm: Memory block size: 128MB
[    0.078855] evm: security.selinux
[    0.078855] evm: security.SMACK64
[    0.078855] evm: security.SMACK64EXEC
[    0.078855] evm: security.SMACK64TRANSMUTE
[    0.078855] evm: security.SMACK64MMAP
[    0.078855] evm: security.ima
[    0.078855] evm: security.capability
[    0.078855] PM: Registering ACPI NVS region [mem 0xbaeef000-0xbaf9efff] (720896 bytes)
[    0.080054] clocksource: jiffies: mask: 0xffffffff max_cycles: 0xffffffff, max_idle_ns: 7645041785100000 ns
[    0.080063] futex hash table entries: 2048 (order: 5, 131072 bytes)
[    0.080129] pinctrl core: initialized pinctrl subsystem
[    0.080218] RTC time: 15:16:38, date: 05/06/18
[    0.080292] NET: Registered protocol family 16
[    0.080453] cpuidle: using governor ladder
[    0.080453] cpuidle: using governor menu
[    0.080453] PCCT header not found.
[    0.080453] ACPI: bus type PCI registered
[    0.080453] acpiphp: ACPI Hot Plug PCI Controller Driver version: 0.5
[    0.080453] PCI: MMCONFIG for domain 0000 [bus 00-3f] at [mem 0xf8000000-0xfbffffff] (base 0xf8000000)
[    0.080453] PCI: not using MMCONFIG
[    0.080453] PCI: Using configuration type 1 for base access
[    0.080453] core: PMU erratum BJ122, BV98, HSD29 worked around, HT is on
[    0.081039] HugeTLB registered 2.00 MiB page size, pre-allocated 0 pages
[    0.081039] ACPI: Added _OSI(Module Device)
[    0.081039] ACPI: Added _OSI(Processor Device)
[    0.081039] ACPI: Added _OSI(3.0 _SCP Extensions)
[    0.081039] ACPI: Added _OSI(Processor Aggregator Device)
[    0.081039] ACPI: Executed 1 blocks of module-level executable AML code
[    0.084922] ACPI: Dynamic OEM Table Load:
[    0.084931] ACPI: SSDT 0xFFFF9E25755AC000 000784 (v01 PmRef  Cpu0Cst  00003001 INTL 20061109)
[    0.085036] ACPI: Dynamic OEM Table Load:
[    0.085036] ACPI: SSDT 0xFFFF9E257564C000 000303 (v01 PmRef  ApIst    00003000 INTL 20061109)
[    0.085036] ACPI: Dynamic OEM Table Load:
[    0.085036] ACPI: SSDT 0xFFFF9E257561B800 000119 (v01 PmRef  ApCst    00003000 INTL 20061109)
[    0.085036] ACPI: EC: EC started
[    0.085036] ACPI: EC: interrupt blocked
[    0.085928] ACPI: \_SB_.PCI0.LPCB.H_EC: Used as first EC
[    0.085929] ACPI: \_SB_.PCI0.LPCB.H_EC: GPE=0x17, EC_CMD/EC_SC=0x66, EC_DATA=0x62
[    0.085931] ACPI: \_SB_.PCI0.LPCB.H_EC: Used as boot DSDT EC to handle transactions
[    0.085931] ACPI: Interpreter enabled
[    0.085952] ACPI: (supports S0 S3 S4 S5)
[    0.085953] ACPI: Using IOAPIC for interrupt routing
[    0.085977] PCI: MMCONFIG for domain 0000 [bus 00-3f] at [mem 0xf8000000-0xfbffffff] (base 0xf8000000)
[    0.086367] PCI: MMCONFIG at [mem 0xf8000000-0xfbffffff] reserved in ACPI motherboard resources
[    0.086376] PCI: Using host bridge windows from ACPI; if necessary, use "pci=nocrs" and report a bug
[    0.086609] ACPI: Enabled 8 GPEs in block 00 to 3F
[    0.096427] ACPI: Power Resource [FN00] (off)
[    0.096497] ACPI: Power Resource [FN01] (off)
[    0.096566] ACPI: Power Resource [FN02] (off)
[    0.096635] ACPI: Power Resource [FN03] (off)
[    0.096703] ACPI: Power Resource [FN04] (off)
[    0.097188] ACPI: PCI Root Bridge [PCI0] (domain 0000 [bus 00-3e])
[    0.097192] acpi PNP0A08:00: _OSC: OS supports [ExtendedConfig ASPM ClockPM Segments MSI]
[    0.097311] acpi PNP0A08:00: _OSC failed (AE_ERROR); disabling ASPM
[    0.097678] PCI host bridge to bus 0000:00
[    0.097680] pci_bus 0000:00: root bus resource [io  0x0000-0x0cf7 window]
[    0.097681] pci_bus 0000:00: root bus resource [io  0x0d00-0xffff window]
[    0.097683] pci_bus 0000:00: root bus resource [mem 0x000a0000-0x000bffff window]
[    0.097684] pci_bus 0000:00: root bus resource [mem 0xbfa00000-0xfeafffff window]
[    0.097686] pci_bus 0000:00: root bus resource [bus 00-3e]
[    0.097694] pci 0000:00:00.0: [8086:0154] type 00 class 0x060000
[    0.097776] pci 0000:00:01.0: [8086:0151] type 01 class 0x060400
[    0.097810] pci 0000:00:01.0: PME# supported from D0 D3hot D3cold
[    0.097879] pci 0000:00:02.0: [8086:0166] type 00 class 0x030000
[    0.097890] pci 0000:00:02.0: reg 0x10: [mem 0xf1000000-0xf13fffff 64bit]
[    0.097896] pci 0000:00:02.0: reg 0x18: [mem 0xe0000000-0xefffffff 64bit pref]
[    0.097901] pci 0000:00:02.0: reg 0x20: [io  0x4000-0x403f]
[    0.097912] pci 0000:00:02.0: BAR 2: assigned to efifb
[    0.097998] pci 0000:00:16.0: [8086:1e3a] type 00 class 0x078000
[    0.098024] pci 0000:00:16.0: reg 0x10: [mem 0xf1705000-0xf170500f 64bit]
[    0.098097] pci 0000:00:16.0: PME# supported from D0 D3hot D3cold
[    0.098169] pci 0000:00:1a.0: [8086:1e2d] type 00 class 0x0c0320
[    0.098192] pci 0000:00:1a.0: reg 0x10: [mem 0xf170a000-0xf170a3ff]
[    0.098275] pci 0000:00:1a.0: PME# supported from D0 D3hot D3cold
[    0.098344] pci 0000:00:1b.0: [8086:1e20] type 00 class 0x040300
[    0.098367] pci 0000:00:1b.0: reg 0x10: [mem 0xf1700000-0xf1703fff 64bit]
[    0.098440] pci 0000:00:1b.0: PME# supported from D0 D3hot D3cold
[    0.098513] pci 0000:00:1c.0: [8086:1e10] type 01 class 0x060400
[    0.098596] pci 0000:00:1c.0: PME# supported from D0 D3hot D3cold
[    0.098671] pci 0000:00:1c.3: [8086:1e16] type 01 class 0x060400
[    0.098754] pci 0000:00:1c.3: PME# supported from D0 D3hot D3cold
[    0.098829] pci 0000:00:1d.0: [8086:1e26] type 00 class 0x0c0320
[    0.098852] pci 0000:00:1d.0: reg 0x10: [mem 0xf1709000-0xf17093ff]
[    0.098937] pci 0000:00:1d.0: PME# supported from D0 D3hot D3cold
[    0.099006] pci 0000:00:1f.0: [8086:1e5d] type 00 class 0x060100
[    0.099173] pci 0000:00:1f.2: [8086:1e03] type 00 class 0x010601
[    0.099192] pci 0000:00:1f.2: reg 0x10: [io  0x4088-0x408f]
[    0.099200] pci 0000:00:1f.2: reg 0x14: [io  0x4094-0x4097]
[    0.099207] pci 0000:00:1f.2: reg 0x18: [io  0x4080-0x4087]
[    0.099215] pci 0000:00:1f.2: reg 0x1c: [io  0x4090-0x4093]
[    0.099223] pci 0000:00:1f.2: reg 0x20: [io  0x4060-0x407f]
[    0.099231] pci 0000:00:1f.2: reg 0x24: [mem 0xf1708000-0xf17087ff]
[    0.099272] pci 0000:00:1f.2: PME# supported from D3hot
[    0.099335] pci 0000:00:1f.3: [8086:1e22] type 00 class 0x0c0500
[    0.099354] pci 0000:00:1f.3: reg 0x10: [mem 0xf1704000-0xf17040ff 64bit]
[    0.099375] pci 0000:00:1f.3: reg 0x20: [io  0xefa0-0xefbf]
[    0.099491] pci 0000:01:00.0: [10de:1140] type 00 class 0x030200
[    0.099507] pci 0000:01:00.0: reg 0x10: [mem 0xf0000000-0xf0ffffff]
[    0.099516] pci 0000:01:00.0: reg 0x14: [mem 0xc0000000-0xcfffffff 64bit pref]
[    0.099525] pci 0000:01:00.0: reg 0x1c: [mem 0xd0000000-0xd1ffffff 64bit pref]
[    0.099531] pci 0000:01:00.0: reg 0x24: [io  0x3000-0x307f]
[    0.099538] pci 0000:01:00.0: reg 0x30: [mem 0xfff80000-0xffffffff pref]
[    0.108024] pci 0000:00:01.0: PCI bridge to [bus 01]
[    0.108029] pci 0000:00:01.0:   bridge window [io  0x3000-0x3fff]
[    0.108033] pci 0000:00:01.0:   bridge window [mem 0xf0000000-0xf0ffffff]
[    0.108039] pci 0000:00:01.0:   bridge window [mem 0xc0000000-0xd1ffffff 64bit pref]
[    0.108131] pci 0000:02:00.0: [168c:0036] type 00 class 0x028000
[    0.108173] pci 0000:02:00.0: reg 0x10: [mem 0xf1600000-0xf167ffff 64bit]
[    0.108236] pci 0000:02:00.0: reg 0x30: [mem 0xffff0000-0xffffffff pref]
[    0.108324] pci 0000:02:00.0: supports D1 D2
[    0.108325] pci 0000:02:00.0: PME# supported from D0 D1 D2 D3hot D3cold
[    0.120033] pci 0000:00:1c.0: PCI bridge to [bus 02]
[    0.120044] pci 0000:00:1c.0:   bridge window [mem 0xf1600000-0xf16fffff]
[    0.120190] pci 0000:03:00.0: [10ec:8136] type 00 class 0x020000
[    0.120319] pci 0000:03:00.0: reg 0x10: [io  0x2000-0x20ff]
[    0.120436] pci 0000:03:00.0: reg 0x18: [mem 0xf1500000-0xf1500fff 64bit]
[    0.120512] pci 0000:03:00.0: reg 0x20: [mem 0xf1400000-0xf1403fff 64bit pref]
[    0.120924] pci 0000:03:00.0: supports D1 D2
[    0.120926] pci 0000:03:00.0: PME# supported from D0 D1 D2 D3hot D3cold
[    0.132094] pci 0000:00:1c.3: PCI bridge to [bus 03]
[    0.132099] pci 0000:00:1c.3:   bridge window [io  0x2000-0x2fff]
[    0.132103] pci 0000:00:1c.3:   bridge window [mem 0xf1500000-0xf15fffff]
[    0.132109] pci 0000:00:1c.3:   bridge window [mem 0xf1400000-0xf14fffff 64bit pref]
[    0.132800] ACPI: PCI Interrupt Link [LNKA] (IRQs 1 3 4 5 6 10 *11 12 14 15)
[    0.132849] ACPI: PCI Interrupt Link [LNKB] (IRQs 1 3 4 5 6 10 11 12 14 15) *0, disabled.
[    0.132895] ACPI: PCI Interrupt Link [LNKC] (IRQs 1 3 4 5 6 10 11 12 14 15) *0, disabled.
[    0.132942] ACPI: PCI Interrupt Link [LNKD] (IRQs 1 3 4 5 6 10 11 12 14 15) *0, disabled.
[    0.132988] ACPI: PCI Interrupt Link [LNKE] (IRQs 1 3 4 5 6 10 11 12 14 15) *0, disabled.
[    0.133034] ACPI: PCI Interrupt Link [LNKF] (IRQs 1 3 4 5 6 10 11 12 14 15) *0, disabled.
[    0.133079] ACPI: PCI Interrupt Link [LNKG] (IRQs 1 3 4 5 6 10 11 12 14 15) *0, disabled.
[    0.133124] ACPI: PCI Interrupt Link [LNKH] (IRQs 1 3 4 5 6 10 11 12 14 15) *0, disabled.
[    0.133668] ACPI: EC: interrupt unblocked
[    0.133674] ACPI: EC: event unblocked
[    0.133681] ACPI: \_SB_.PCI0.LPCB.H_EC: GPE=0x17, EC_CMD/EC_SC=0x66, EC_DATA=0x62
[    0.133682] ACPI: \_SB_.PCI0.LPCB.H_EC: Used as boot DSDT EC to handle transactions and events
[    0.133873] SCSI subsystem initialized
[    0.133905] libata version 3.00 loaded.
[    0.133905] pci 0000:00:02.0: vgaarb: setting as boot VGA device
[    0.133905] pci 0000:00:02.0: vgaarb: VGA device added: decodes=io+mem,owns=io+mem,locks=none
[    0.133905] pci 0000:00:02.0: vgaarb: bridge control possible
[    0.133905] vgaarb: loaded
[    0.133905] ACPI: bus type USB registered
[    0.133905] usbcore: registered new interface driver usbfs
[    0.133905] usbcore: registered new interface driver hub
[    0.133905] usbcore: registered new device driver usb
[    0.133905] EDAC MC: Ver: 3.0.0
[    0.133905] Registered efivars operations
[    0.144405] PCI: Using ACPI for IRQ routing
[    0.145570] PCI: pci_cache_line_size set to 64 bytes
[    0.145614] e820: reserve RAM buffer [mem 0x40004000-0x43ffffff]
[    0.145616] e820: reserve RAM buffer [mem 0xa908d000-0xabffffff]
[    0.145617] e820: reserve RAM buffer [mem 0xb9280000-0xbbffffff]
[    0.145618] e820: reserve RAM buffer [mem 0xbb000000-0xbbffffff]
[    0.145619] e820: reserve RAM buffer [mem 0x23f600000-0x23fffffff]
[    0.145699] NetLabel: Initializing
[    0.145700] NetLabel:  domain hash size = 128
[    0.145701] NetLabel:  protocols = UNLABELED CIPSOv4 CALIPSO
[    0.145715] NetLabel:  unlabeled traffic allowed by default
[    0.148045] hpet0: at MMIO 0xfed00000, IRQs 2, 8, 0, 0, 0, 0, 0, 0
[    0.148051] hpet0: 8 comparators, 64-bit 14.318180 MHz counter
[    0.148051] clocksource: Switched to clocksource hpet
[    0.157819] VFS: Disk quotas dquot_6.6.0
[    0.157840] VFS: Dquot-cache hash table entries: 512 (order 0, 4096 bytes)
[    0.157935] AppArmor: AppArmor Filesystem Enabled
[    0.157981] pnp: PnP ACPI init
[    0.158461] system 00:00: [io  0x0680-0x069f] has been reserved
[    0.158463] system 00:00: [io  0x1000-0x100f] has been reserved
[    0.158465] system 00:00: [io  0x5000-0x5003] has been reserved
[    0.158466] system 00:00: [io  0xffff] has been reserved
[    0.158467] system 00:00: [io  0x0400-0x0453] has been reserved
[    0.158469] system 00:00: [io  0x0458-0x047f] has been reserved
[    0.158470] system 00:00: [io  0x0500-0x057f] has been reserved
[    0.158472] system 00:00: [io  0x0a00-0x0a0f] has been reserved
[    0.158473] system 00:00: [io  0x164e-0x164f] has been reserved
[    0.158475] system 00:00: [io  0x5000-0x500f] could not be reserved
[    0.158479] system 00:00: Plug and Play ACPI device, IDs PNP0c02 (active)
[    0.158502] pnp 00:01: Plug and Play ACPI device, IDs PNP0b00 (active)
[    0.158547] system 00:02: [io  0x0454-0x0457] has been reserved
[    0.158550] system 00:02: Plug and Play ACPI device, IDs INT3f0d PNP0c02 (active)
[    0.158575] pnp 00:03: Plug and Play ACPI device, IDs PNP0303 (active)
[    0.158622] pnp 00:04: Plug and Play ACPI device, IDs SYN2601 PNP0f13 (active)
[    0.158722] pnp 00:05: disabling [mem 0xfffff000-0xffffffff] because it overlaps 0000:01:00.0 BAR 6 [mem 0xfff80000-0xffffffff pref]
[    0.158725] pnp 00:05: disabling [mem 0xfffff000-0xffffffff disabled] because it overlaps 0000:02:00.0 BAR 6 [mem 0xffff0000-0xffffffff pref]
[    0.158743] system 00:05: [mem 0xfed1c000-0xfed1ffff] has been reserved
[    0.158744] system 00:05: [mem 0xfed10000-0xfed17fff] has been reserved
[    0.158746] system 00:05: [mem 0xfed18000-0xfed18fff] has been reserved
[    0.158747] system 00:05: [mem 0xfed19000-0xfed19fff] has been reserved
[    0.158749] system 00:05: [mem 0xf8000000-0xfbffffff] could not be reserved
[    0.158751] system 00:05: [mem 0xfed20000-0xfed3ffff] has been reserved
[    0.158752] system 00:05: [mem 0xfed90000-0xfed93fff] has been reserved
[    0.158754] system 00:05: [mem 0xfed45000-0xfed8ffff] has been reserved
[    0.158755] system 00:05: [mem 0xff000000-0xffffffff] has been reserved
[    0.158757] system 00:05: [mem 0xfee00000-0xfeefffff] has been reserved
[    0.158759] system 00:05: Plug and Play ACPI device, IDs PNP0c02 (active)
[    0.159193] pnp: PnP ACPI: found 6 devices
[    0.165601] clocksource: acpi_pm: mask: 0xffffff max_cycles: 0xffffff, max_idle_ns: 2085701024 ns
[    0.165606] pci 0000:01:00.0: can't claim BAR 6 [mem 0xfff80000-0xffffffff pref]: no compatible bridge window
[    0.165608] pci 0000:02:00.0: can't claim BAR 6 [mem 0xffff0000-0xffffffff pref]: no compatible bridge window
[    0.165634] pci 0000:01:00.0: BAR 6: no space for [mem size 0x00080000 pref]
[    0.165636] pci 0000:01:00.0: BAR 6: failed to assign [mem size 0x00080000 pref]
[    0.165638] pci 0000:00:01.0: PCI bridge to [bus 01]
[    0.165640] pci 0000:00:01.0:   bridge window [io  0x3000-0x3fff]
[    0.165642] pci 0000:00:01.0:   bridge window [mem 0xf0000000-0xf0ffffff]
[    0.165645] pci 0000:00:01.0:   bridge window [mem 0xc0000000-0xd1ffffff 64bit pref]
[    0.165649] pci 0000:02:00.0: BAR 6: assigned [mem 0xf1680000-0xf168ffff pref]
[    0.165650] pci 0000:00:1c.0: PCI bridge to [bus 02]
[    0.165655] pci 0000:00:1c.0:   bridge window [mem 0xf1600000-0xf16fffff]
[    0.165664] pci 0000:00:1c.3: PCI bridge to [bus 03]
[    0.165666] pci 0000:00:1c.3:   bridge window [io  0x2000-0x2fff]
[    0.165671] pci 0000:00:1c.3:   bridge window [mem 0xf1500000-0xf15fffff]
[    0.165675] pci 0000:00:1c.3:   bridge window [mem 0xf1400000-0xf14fffff 64bit pref]
[    0.165683] pci_bus 0000:00: resource 4 [io  0x0000-0x0cf7 window]
[    0.165684] pci_bus 0000:00: resource 5 [io  0x0d00-0xffff window]
[    0.165686] pci_bus 0000:00: resource 6 [mem 0x000a0000-0x000bffff window]
[    0.165687] pci_bus 0000:00: resource 7 [mem 0xbfa00000-0xfeafffff window]
[    0.165689] pci_bus 0000:01: resource 0 [io  0x3000-0x3fff]
[    0.165690] pci_bus 0000:01: resource 1 [mem 0xf0000000-0xf0ffffff]
[    0.165691] pci_bus 0000:01: resource 2 [mem 0xc0000000-0xd1ffffff 64bit pref]
[    0.165693] pci_bus 0000:02: resource 1 [mem 0xf1600000-0xf16fffff]
[    0.165694] pci_bus 0000:03: resource 0 [io  0x2000-0x2fff]
[    0.165695] pci_bus 0000:03: resource 1 [mem 0xf1500000-0xf15fffff]
[    0.165697] pci_bus 0000:03: resource 2 [mem 0xf1400000-0xf14fffff 64bit pref]
[    0.165785] NET: Registered protocol family 2
[    0.165939] TCP established hash table entries: 65536 (order: 7, 524288 bytes)
[    0.166081] TCP bind hash table entries: 65536 (order: 8, 1048576 bytes)
[    0.166296] TCP: Hash tables configured (established 65536 bind 65536)
[    0.166334] UDP hash table entries: 4096 (order: 5, 131072 bytes)
[    0.166366] UDP-Lite hash table entries: 4096 (order: 5, 131072 bytes)
[    0.166431] NET: Registered protocol family 1
[    0.166444] pci 0000:00:02.0: Video device with shadowed ROM at [mem 0x000c0000-0x000dffff]
[    0.166778] PCI: CLS 64 bytes, default 64
[    0.166818] Unpacking initramfs...
[    0.847627] Freeing initrd memory: 48900K
[    0.847640] PCI-DMA: Using software bounce buffering for IO (SWIOTLB)
[    0.847643] software IO TLB [mem 0xa2a5e000-0xa6a5e000] (64MB) mapped at [ffff9e23e2a5e000-ffff9e23e6a5dfff]
[    0.847900] Scanning for low memory corruption every 60 seconds
[    0.848225] audit: initializing netlink subsys (disabled)
[    0.848272] audit: type=2000 audit(1525619798.848:1): state=initialized audit_enabled=0 res=1
[    0.848589] Initialise system trusted keyrings
[    0.848597] Key type blacklist registered
[    0.848628] workingset: timestamp_bits=36 max_order=21 bucket_order=0
[    0.849638] zbud: loaded
[    0.850089] squashfs: version 4.0 (2009/01/31) Phillip Lougher
[    0.850214] fuse init (API version 7.26)
[    0.851455] Key type asymmetric registered
[    0.851456] Asymmetric key parser 'x509' registered
[    0.851482] Block layer SCSI generic (bsg) driver version 0.4 loaded (major 247)
[    0.851515] io scheduler noop registered
[    0.851515] io scheduler deadline registered
[    0.851538] io scheduler cfq registered (default)
[    0.852057] efifb: probing for efifb
[    0.852067] efifb: framebuffer at 0xe0000000, using 3072k, total 3072k
[    0.852069] efifb: mode is 1024x768x32, linelength=4096, pages=1
[    0.852069] efifb: scrolling: redraw
[    0.852070] efifb: Truecolor: size=8:8:8:8, shift=24:16:8:0
[    0.852148] Console: switching to colour frame buffer device 128x48
[    0.852163] fb0: EFI VGA frame buffer device
[    0.852169] intel_idle: MWAIT substates: 0x21120
[    0.852170] intel_idle: v0.4.1 model 0x3A
[    0.852296] intel_idle: lapic_timer_reliable_states 0xffffffff
[    0.852846] ACPI: AC Adapter [ADP1] (off-line)
[    0.852907] input: Lid Switch as /devices/LNXSYSTM:00/LNXSYBUS:00/PNP0C0D:00/input/input0
[    0.852926] ACPI: Lid Switch [LID0]
[    0.852952] input: Power Button as /devices/LNXSYSTM:00/LNXSYBUS:00/PNP0C0C:00/input/input1
[    0.852978] ACPI: Power Button [PWRB]
[    0.853008] input: Power Button as /devices/LNXSYSTM:00/LNXPWRBN:00/input/input2
[    0.853026] ACPI: Power Button [PWRF]
[    0.854009] (NULL device *): hwmon_device_register() is deprecated. Please convert the driver to use hwmon_device_register_with_info().
[    0.854433] thermal LNXTHERM:00: registered as thermal_zone0
[    0.854434] ACPI: Thermal Zone [TZ00] (43 C)
[    0.854638] thermal LNXTHERM:01: registered as thermal_zone1
[    0.854639] ACPI: Thermal Zone [TZ01] (30 C)
[    0.854669] GHES: HEST is not enabled!
[    0.854745] Serial: 8250/16550 driver, 32 ports, IRQ sharing enabled
[    0.858525] Linux agpgart interface v0.103
[    0.859833] loop: module loaded
[    0.859970] libphy: Fixed MDIO Bus: probed
[    0.859971] tun: Universal TUN/TAP device driver, 1.6
[    0.860016] PPP generic driver version 2.4.2
[    0.860056] ehci_hcd: USB 2.0 'Enhanced' Host Controller (EHCI) Driver
[    0.860058] ehci-pci: EHCI PCI platform driver
[    0.860162] ehci-pci 0000:00:1a.0: EHCI Host Controller
[    0.860167] ehci-pci 0000:00:1a.0: new USB bus registered, assigned bus number 1
[    0.860182] ehci-pci 0000:00:1a.0: debug port 2
[    0.861003] ACPI: Battery Slot [BAT1] (battery present)
[    0.864076] ehci-pci 0000:00:1a.0: cache line size of 64 is not supported
[    0.864088] ehci-pci 0000:00:1a.0: irq 16, io mem 0xf170a000
[    0.880047] ehci-pci 0000:00:1a.0: USB 2.0 started, EHCI 1.00
[    0.880111] usb usb1: New USB device found, idVendor=1d6b, idProduct=0002
[    0.880112] usb usb1: New USB device strings: Mfr=3, Product=2, SerialNumber=1
[    0.880114] usb usb1: Product: EHCI Host Controller
[    0.880115] usb usb1: Manufacturer: Linux 4.13.0-39-generic ehci_hcd
[    0.880116] usb usb1: SerialNumber: 0000:00:1a.0
[    0.880219] hub 1-0:1.0: USB hub found
[    0.880225] hub 1-0:1.0: 3 ports detected
[    0.880399] ehci-pci 0000:00:1d.0: EHCI Host Controller
[    0.880403] ehci-pci 0000:00:1d.0: new USB bus registered, assigned bus number 2
[    0.880413] ehci-pci 0000:00:1d.0: debug port 2
[    0.884306] ehci-pci 0000:00:1d.0: cache line size of 64 is not supported
[    0.884316] ehci-pci 0000:00:1d.0: irq 23, io mem 0xf1709000
[    0.900051] ehci-pci 0000:00:1d.0: USB 2.0 started, EHCI 1.00
[    0.900105] usb usb2: New USB device found, idVendor=1d6b, idProduct=0002
[    0.900106] usb usb2: New USB device strings: Mfr=3, Product=2, SerialNumber=1
[    0.900107] usb usb2: Product: EHCI Host Controller
[    0.900109] usb usb2: Manufacturer: Linux 4.13.0-39-generic ehci_hcd
[    0.900110] usb usb2: SerialNumber: 0000:00:1d.0
[    0.900213] hub 2-0:1.0: USB hub found
[    0.900217] hub 2-0:1.0: 3 ports detected
[    0.900299] ehci-platform: EHCI generic platform driver
[    0.900309] ohci_hcd: USB 1.1 'Open' Host Controller (OHCI) Driver
[    0.900311] ohci-pci: OHCI PCI platform driver
[    0.900317] ohci-platform: OHCI generic platform driver
[    0.900324] uhci_hcd: USB Universal Host Controller Interface driver
[    0.900365] i8042: PNP: PS/2 Controller [PNP0303:PS2K,PNP0f13:SPAD] at 0x60,0x64 irq 1,12
[    0.903835] serio: i8042 KBD port at 0x60,0x64 irq 1
[    0.903838] serio: i8042 AUX port at 0x60,0x64 irq 12
[    0.903950] mousedev: PS/2 mouse device common for all mice
[    0.904231] rtc_cmos 00:01: rtc core: registered rtc_cmos as rtc0
[    0.904256] rtc_cmos 00:01: alarms up to one month, y3k, 242 bytes nvram, hpet irqs
[    0.904261] i2c /dev entries driver
[    0.904302] device-mapper: uevent: version 1.0.3
[    0.904365] device-mapper: ioctl: 4.37.0-ioctl (2017-09-20) initialised: dm-devel@redhat.com
[    0.904369] intel_pstate: Intel P-state driver initializing
[    0.904589] ledtrig-cpu: registered to indicate activity on CPUs
[    0.904591] EFI Variables Facility v0.08 2004-May-17
[    0.917870] NET: Registered protocol family 10
[    0.921197] Segment Routing with IPv6
[    0.921214] NET: Registered protocol family 17
[    0.921222] Key type dns_resolver registered
[    0.921430] RAS: Correctable Errors collector initialized.
[    0.921456] microcode: sig=0x306a9, pf=0x10, revision=0x1f
[    0.921509] microcode: Microcode Update Driver: v2.2.
[    0.921558] sched_clock: Marking stable (921503949, 0)->(929946813, -8442864)
[    0.921747] registered taskstats version 1
[    0.921754] Loading compiled-in X.509 certificates
[    0.923790] Loaded X.509 cert 'Build time autogenerated kernel key: d61c4a277705eb43423927110d69077c77836d36'
[    0.924109] Loaded UEFI:db cert ': 3d5bb49f5d3b7b9741b5cf19e3a82ced' linked to secondary sys keyring
[    0.924130] Loaded UEFI:db cert 'Microsoft Corporation UEFI CA 2011: 13adbf4309bd82709c8cd54f316ed522988a1bd4' linked to secondary sys keyring
[    0.924147] Loaded UEFI:db cert 'Microsoft Windows Production PCA 2011: a92902398e16c49778cd90f99e4f9ae17c55af53' linked to secondary sys keyring
[    0.925994] Loaded UEFI:MokListRT cert 'Canonical Ltd. Master Certificate Authority: ad91990bc22ab1f517048c23b6655a268e345a63' linked to secondary sys keyring
[    0.926399] zswap: loaded using pool lzo/zbud
[    0.929077] Key type big_key registered
[    0.929080] Key type trusted registered
[    0.930373] Key type encrypted registered
[    0.930374] AppArmor: AppArmor sha1 policy hashing enabled
[    0.930376] ima: No TPM chip found, activating TPM-bypass! (rc=-19)
[    0.930393] evm: HMAC attrs: 0x1
[    0.930649]   Magic number: 2:753:284
[    0.930755] rtc_cmos 00:01: setting system clock to 2018-05-06 15:16:39 UTC (1525619799)
[    0.930804] BIOS EDD facility v0.16 2004-Jun-25, 0 devices found
[    0.930804] EDD information not available.
[    0.930836] PM: Hibernation image not present or could not be loaded.
[    0.932718] Freeing unused kernel memory: 2376K
[    0.932719] Write protecting the kernel read-only data: 18432k
[    0.933238] Freeing unused kernel memory: 2024K
[    0.933420] Freeing unused kernel memory: 96K
[    0.935034] x86/mm: Checked W+X mappings: passed, no W+X pages found.
[    0.935034] x86/mm: Checking user space page tables
[    0.936541] x86/mm: Checked W+X mappings: passed, no W+X pages found.
[    0.938006] input: AT Translated Set 2 keyboard as /devices/platform/i8042/serio0/input/input3
[    1.012627] r8169 Gigabit Ethernet driver 2.3LK-NAPI loaded
[    1.012636] r8169 0000:03:00.0: can't disable ASPM; OS doesn't have ASPM control
[    1.013079] r8169 0000:03:00.0 eth0: RTL8105e at 0xffffb8f100cfd000, 24:f5:aa:5a:df:7a, XID 00a00000 IRQ 24
[    1.014628] ahci 0000:00:1f.2: version 3.0
[    1.024885] ahci 0000:00:1f.2: AHCI 0001.0300 32 slots 6 ports 6 Gbps 0x5 impl SATA mode
[    1.024889] ahci 0000:00:1f.2: flags: 64bit ncq pm led clo pio slum part ems apst 
[    1.037881] r8169 0000:03:00.0 enp3s0: renamed from eth0
[    1.038968] scsi host0: ahci
[    1.039959] scsi host1: ahci
[    1.040089] scsi host2: ahci
[    1.040190] scsi host3: ahci
[    1.042264] scsi host4: ahci
[    1.042346] scsi host5: ahci
[    1.042379] ata1: SATA max UDMA/133 abar m2048@0xf1708000 port 0xf1708100 irq 25
[    1.042380] ata2: DUMMY
[    1.042382] ata3: SATA max UDMA/133 abar m2048@0xf1708000 port 0xf1708200 irq 25
[    1.042382] ata4: DUMMY
[    1.042383] ata5: DUMMY
[    1.042383] ata6: DUMMY
[    1.059537] [drm] Memory usable by graphics device = 2048M
[    1.059540] checking generic (e0000000 300000) vs hw (e0000000 10000000)
[    1.059541] fb: switching to inteldrmfb from EFI VGA
[    1.059566] Console: switching to colour dummy device 80x25
[    1.059638] [drm] Replacing VGA console driver
[    1.065661] [drm] Supports vblank timestamp caching Rev 2 (21.10.2013).
[    1.065662] [drm] Driver supports precise vblank timestamp query.
[    1.068330] i915 0000:00:02.0: vgaarb: changed VGA decodes: olddecodes=io+mem,decodes=io+mem:owns=io+mem
[    1.111213] [drm] Initialized i915 1.6.0 20170619 for 0000:00:02.0 on minor 0
[    1.111322] [Firmware Bug]: ACPI(PEGP) defines _DOD but not _DOS
[    1.111749] ACPI: Video Device [PEGP] (multi-head: yes  rom: yes  post: no)
[    1.111927] input: Video Bus as /devices/LNXSYSTM:00/LNXSYBUS:00/PNP0A08:00/device:3b/LNXVIDEO:00/input/input6
[    1.112521] ACPI: Video Device [GFX0] (multi-head: yes  rom: no  post: no)
[    1.112707] input: Video Bus as /devices/LNXSYSTM:00/LNXSYBUS:00/PNP0A08:00/LNXVIDEO:01/input/input7
[    1.145360] fbcon: inteldrmfb (fb0) is primary device
[    1.145422] Console: switching to colour frame buffer device 170x48
[    1.145441] i915 0000:00:02.0: fb0: inteldrmfb frame buffer device
[    1.208097] usb 1-1: new high-speed USB device number 2 using ehci-pci
[    1.228074] usb 2-1: new high-speed USB device number 2 using ehci-pci
[    1.355167] ata1: SATA link up 6.0 Gbps (SStatus 133 SControl 300)
[    1.356743] usb 1-1: New USB device found, idVendor=8087, idProduct=0024
[    1.356745] usb 1-1: New USB device strings: Mfr=0, Product=0, SerialNumber=0
[    1.357098] hub 1-1:1.0: USB hub found
[    1.357291] hub 1-1:1.0: 6 ports detected
[    1.359487] ata3: SATA link up 1.5 Gbps (SStatus 113 SControl 300)
[    1.361296] ata1.00: ATA-8: ST1000LM024 HN-M101MBB, 2BA30001, max UDMA/133
[    1.361301] ata1.00: 1953525168 sectors, multi 16: LBA48 NCQ (depth 31/32)
[    1.361974] ata3.00: ATAPI: TSSTcorp CDDVDW SU-208FB, SC00, max UDMA/100
[    1.362760] ata3.00: configured for UDMA/100
[    1.367563] ata1.00: configured for UDMA/133
[    1.367851] scsi 0:0:0:0: Direct-Access     ATA      ST1000LM024 HN-M 0001 PQ: 0 ANSI: 5
[    1.376666] usb 2-1: New USB device found, idVendor=8087, idProduct=0024
[    1.376669] usb 2-1: New USB device strings: Mfr=0, Product=0, SerialNumber=0
[    1.376955] hub 2-1:1.0: USB hub found
[    1.377018] hub 2-1:1.0: 6 ports detected
[    1.396381] sd 0:0:0:0: [sda] 1953525168 512-byte logical blocks: (1.00 TB/932 GiB)
[    1.396385] sd 0:0:0:0: [sda] 4096-byte physical blocks
[    1.396393] sd 0:0:0:0: Attached scsi generic sg0 type 0
[    1.396409] sd 0:0:0:0: [sda] Write Protect is off
[    1.396413] sd 0:0:0:0: [sda] Mode Sense: 00 3a 00 00
[    1.396459] sd 0:0:0:0: [sda] Write cache: enabled, read cache: enabled, doesn't support DPO or FUA
[    1.401203] scsi 2:0:0:0: CD-ROM            TSSTcorp CDDVDW SU-208FB  SC00 PQ: 0 ANSI: 5
[    1.432053] sr 2:0:0:0: [sr0] scsi3-mmc drive: 16x/24x writer dvd-ram cd/rw xa/form2 cdda tray
[    1.432055] cdrom: Uniform CD-ROM driver Revision: 3.20
[    1.432302] sr 2:0:0:0: Attached scsi CD-ROM sr0
[    1.432495] sr 2:0:0:0: Attached scsi generic sg1 type 5
[    1.447510]  sda: sda1 sda2 sda3 sda4 sda5 sda6 sda7 sda8 sda9 sda10
[    1.448319] sd 0:0:0:0: [sda] Attached SCSI disk
[    1.644078] usb 1-1.3: new full-speed USB device number 3 using ehci-pci
[    1.753428] usb 1-1.3: New USB device found, idVendor=0cf3, idProduct=3004
[    1.753433] usb 1-1.3: New USB device strings: Mfr=0, Product=0, SerialNumber=0
[    1.832056] usb 1-1.4: new high-speed USB device number 4 using ehci-pci
[    1.856041] tsc: Refined TSC clocksource calibration: 2594.106 MHz
[    1.856058] clocksource: tsc: mask: 0xffffffffffffffff max_cycles: 0x25647bfab01, max_idle_ns: 440795211785 ns
[    1.913601] psmouse serio1: synaptics: queried max coordinates: x [..5738], y [..4886]
[    1.947793] psmouse serio1: synaptics: queried min coordinates: x [1210..], y [986..]
[    2.011884] psmouse serio1: synaptics: Touchpad model: 1, fw: 7.5, id: 0x1e0b1, caps: 0xf00133/0x240000/0xa2400/0x0, board id: 1874, fw id: 1662220
[    2.045294] usb 1-1.4: New USB device found, idVendor=2232, idProduct=1041
[    2.045298] usb 1-1.4: New USB device strings: Mfr=3, Product=1, SerialNumber=2
[    2.045301] usb 1-1.4: Product: WebCam SC-10HDD12636N
[    2.045304] usb 1-1.4: Manufacturer: Generic
[    2.045307] usb 1-1.4: SerialNumber: 200901010001
[    2.053308] input: SynPS/2 Synaptics TouchPad as /devices/platform/i8042/serio1/input/input5
[    2.880299] clocksource: Switched to clocksource tsc
[    8.284782] EXT4-fs (sda6): mounted filesystem with ordered data mode. Opts: (null)
[    8.930355] random: crng init done
[   10.055623] ip_tables: (C) 2000-2006 Netfilter Core Team
[   10.184370] systemd[1]: systemd 234 running in system mode. (+PAM +AUDIT +SELINUX +IMA +APPARMOR +SMACK +SYSVINIT +UTMP +LIBCRYPTSETUP +GCRYPT +GNUTLS +ACL +XZ +LZ4 +SECCOMP +BLKID +ELFUTILS +KMOD -IDN2 +IDN default-hierarchy=hybrid)
[   10.204101] systemd[1]: Detected architecture x86-64.
[   10.213789] systemd[1]: Set hostname to <badubuntu>.
[   11.844973] systemd[1]: Set up automount Arbitrary Executable File Formats File System Automount Point.
[   11.845038] systemd[1]: Listening on fsck to fsckd communication Socket.
[   11.845067] systemd[1]: Listening on Syslog Socket.
[   11.845101] systemd[1]: Listening on /dev/initctl Compatibility Named Pipe.
[   11.845124] systemd[1]: Listening on Journal Socket (/dev/log).
[   11.845153] systemd[1]: Listening on Journal Socket.
[   11.845190] systemd[1]: Listening on udev Control Socket.
[   12.340634] lp: driver loaded but no devices found
[   12.415977] ppdev: user-space parallel port driver
[   14.538501] EXT4-fs (sda6): re-mounted. Opts: errors=remount-ro
[   14.813516] systemd-journald[321]: Received request to flush runtime journal from PID 1
[   15.707902] shpchp: Standard Hot Plug PCI Controller Driver version: 0.4
[   16.019901] ACPI Warning: SystemIO range 0x0000000000000428-0x000000000000042F conflicts with OpRegion 0x0000000000000400-0x000000000000047F (\PMIO) (20170531/utaddress-247)
[   16.019907] ACPI: If an ACPI driver is available for this device, you should use it instead of the native driver
[   16.019909] ACPI Warning: SystemIO range 0x0000000000000540-0x000000000000054F conflicts with OpRegion 0x0000000000000500-0x0000000000000563 (\GPIO) (20170531/utaddress-247)
[   16.019913] ACPI Warning: SystemIO range 0x0000000000000540-0x000000000000054F conflicts with OpRegion 0x0000000000000500-0x000000000000055F (\_SB.PCI0.PEG0.PEGP.GPIO) (20170531/utaddress-247)
[   16.019916] ACPI: If an ACPI driver is available for this device, you should use it instead of the native driver
[   16.019916] ACPI Warning: SystemIO range 0x0000000000000530-0x000000000000053F conflicts with OpRegion 0x0000000000000500-0x0000000000000563 (\GPIO) (20170531/utaddress-247)
[   16.019919] ACPI Warning: SystemIO range 0x0000000000000530-0x000000000000053F conflicts with OpRegion 0x0000000000000500-0x000000000000055F (\_SB.PCI0.PEG0.PEGP.GPIO) (20170531/utaddress-247)
[   16.019922] ACPI: If an ACPI driver is available for this device, you should use it instead of the native driver
[   16.019922] ACPI Warning: SystemIO range 0x0000000000000500-0x000000000000052F conflicts with OpRegion 0x0000000000000500-0x0000000000000563 (\GPIO) (20170531/utaddress-247)
[   16.019925] ACPI Warning: SystemIO range 0x0000000000000500-0x000000000000052F conflicts with OpRegion 0x0000000000000500-0x000000000000055F (\_SB.PCI0.PEG0.PEGP.GPIO) (20170531/utaddress-247)
[   16.019927] ACPI: If an ACPI driver is available for this device, you should use it instead of the native driver
[   16.019928] lpc_ich: Resource conflict(s) found affecting gpio_ich
[   17.559309] RAPL PMU: API unit is 2^-32 Joules, 3 fixed counters, 163840 ms ovfl timer
[   17.559311] RAPL PMU: hw unit of domain pp0-core 2^-16 Joules
[   17.559312] RAPL PMU: hw unit of domain package 2^-16 Joules
[   17.559313] RAPL PMU: hw unit of domain pp1-gpu 2^-16 Joules
[   17.624613] ath: phy0: WB335 2-ANT card detected
[   17.624615] ath: phy0: Set BT/WLAN RX diversity capability
[   17.632502] ath: phy0: Enable LNA combining
[   17.633734] ath: phy0: ASPM enabled: 0x42
[   17.633735] ath: EEPROM regdomain: 0x6a
[   17.633735] ath: EEPROM indicates we should expect a direct regpair map
[   17.633737] ath: Country alpha2 being used: 00
[   17.633738] ath: Regpair used: 0x6a
